  achievement.cpp
  atcommand.cpp
  battle.cpp
  battleground.cpp
  buyingstore.cpp
  cashshop.cpp
  channel.cpp
  chat.cpp
  chrif.cpp
  clan.cpp
  clif.cpp
  date.cpp
  duel.cpp
  elemental.cpp
  guild.cpp
  homunculus.cpp
  instance.cpp
  intif.cpp
  itemdb.cpp
  log.cpp
  mail.cpp
  map.cpp
  mapreg.cpp
  mercenary.cpp
  mob.cpp
  navi.cpp
  npc.cpp
  npc_chat.cpp
  party.cpp
  path.cpp
  pc.cpp
  pc_groups.cpp
  pet.cpp
  quest.cpp
  script.cpp
  searchstore.cpp
  skill.cpp
  status.cpp
  storage.cpp
  trade.cpp
  unit.cpp
  vending.cpp
  map-server-generator.vcxproj -> C:\Users\Ricci\Documents\GitHub\ro-ai\rathena\map-server-generator.exe
