  binary.cpp
  graphbuilder.cpp
  graphbuilderadapter.cpp
  convert.cpp
  depthguard.cpp
  directives.cpp
  emit.cpp
  emitfromevents.cpp
  emitter.cpp
  emitterstate.cpp
  emitterutils.cpp
  exceptions.cpp
  exp.cpp
  memory.cpp
  node.cpp
  nodebuilder.cpp
  nodeevents.cpp
  node_data.cpp
  null.cpp
  ostream_wrapper.cpp
  parse.cpp
  parser.cpp
  regex_yaml.cpp
  scanner.cpp
  scanscalar.cpp
  scantag.cpp
  scantoken.cpp
  simplekey.cpp
  singledocparser.cpp
  stream.cpp
  tag.cpp
  yaml-cpp.vcxproj -> C:\Users\Ricci\Documents\GitHub\ro-ai\rathena\.vs\build\yaml-cpp.lib
